// Jest Snapshot v1, https://goo.gl/fbAQLP

exports[`test suite renders correctly 1`] = `"Google Map Loading"`;
