// Jest Snapshot v1, https://goo.gl/fbAQLP

exports[`renders correctly 1`] = `
<Fragment>
  <h2
    className="ml-4 h4"
  >
    Payment
  </h2>
  <Form
    className="px-1 px-md-4 pt-1 pb-5"
    inline={false}
    onSubmit={[Function]}
  >
    <div
      className="text-muted d-flex align-items-baseline mb-3"
    >
      <div
        className="position-relative "
      >
        <BiLockAlt
          size="25px"
        />
        <Styled(RiCheckboxCircleFill)
          fill="green"
        />
      </div>
      <small
        className="ml-2"
      >
        This is a secure 128-bit SSL encrypted payment
      </small>
    </div>
    <FormGroup>
      <FormLabel
        column={false}
        srOnly={false}
      >
        Cardholder Name
      </FormLabel>
      <FormControl
        name="cardholder"
        onBlur={[Function]}
        onChange={[Function]}
        placeholder="Name as it appears on your card"
        type="name"
        value=""
      />
      <Tooltip
        errors={Object {}}
        fieldName="cardholder"
        forwardRef={
          Object {
            "current": null,
          }
        }
        touched={Object {}}
      />
    </FormGroup>
    <FormGroup>
      <FormLabel
        column={false}
        srOnly={false}
      >
        Card Number
      </FormLabel>
      <FormControl
        inputMode="numeric"
        name="cardNumber"
        onBlur={[Function]}
        onChange={[Function]}
        placeholder="XXXX XXXX XXXX XXXX"
        type="tel"
        value=""
      />
      <Tooltip
        errors={Object {}}
        fieldName="cardNumber"
        forwardRef={
          Object {
            "current": null,
          }
        }
        touched={Object {}}
      />
    </FormGroup>
    <FormRow>
      <Col
        md={5}
      >
        <FormGroup>
          <FormLabel
            column={false}
            srOnly={false}
          >
            Expire Date
          </FormLabel>
          <FormControl
            name="expireDate"
            onBlur={[Function]}
            onChange={[Function]}
            placeholder="MM / YY"
            type="text"
            value=""
          />
          <Tooltip
            errors={Object {}}
            fieldName="expireDate"
            forwardRef={
              Object {
                "current": null,
              }
            }
            touched={Object {}}
          />
        </FormGroup>
      </Col>
      <Col
        md={5}
      >
        <FormGroup>
          <FormLabel
            column={false}
            srOnly={false}
          >
            Security Code
          </FormLabel>
          <FormControl
            name="securityCode"
            onBlur={[Function]}
            onChange={[Function]}
            type="text"
            value=""
          />
          <Tooltip
            errors={Object {}}
            fieldName="securityCode"
            forwardRef={
              Object {
                "current": null,
              }
            }
            touched={Object {}}
          />
        </FormGroup>
      </Col>
    </FormRow>
    <Styled(Button)
      className="px-4 px-sm-5 py-2"
      type="submit"
    >
      Pay Securely
    </Styled(Button)>
  </Form>
</Fragment>
`;
