// Jest Snapshot v1, https://goo.gl/fbAQLP

exports[`renders snapshot 1`] = `
<styled.div>
  <styled.img
    alt="mastercard icon"
    src="mastercard-icon.png"
  />
</styled.div>
`;
