// Jest Snapshot v1, https://goo.gl/fbAQLP

exports[`renders snapshot 1`] = `
<div>
  'Error, Some props are missing from Tooltip'
</div>
`;
